[www.freestuff.eu/prizes/win-sony-playstation-4.html]
[backblue.gif]
[fade.gif]
[index.html]
[www.freestuff.eu/css/bootstrap.min.css]
[rum-static.pingdom.net/prum.min.js]
[connect.facebook.net/en_US/fbevents.js]
[freestuff.eu/images/sony-playstation-4.5.delayed]
[www.freestuff.eu/images/sony-playstation-4.jpg]
[www.freestuff.eu/prizes/terms/May-2017B/prize-policy.html]
[www.google-analytics.com/analytics.js]
[www.googleadservices.com/pagead/f.txt]
[ajax.googleapis.com/ajax/libs/jquery/1.10.2/jquery.min.js]
[www.freestuff.eu/prizes/win-sony-playstation-4.html]
[www.freestuff.eu/images/samsungtv-thumb.jpg]
[www.freestuff.eu/images/asos-thumb.jpg]
[www.freestuff.eu/images/casino-thumb.jpg]
[www.freestuff.eu/images/iphone5s-thumb.jpg]
[www.freestuff.eu/images/starbucks-thumb.jpg]
[www.freestuff.eu/images/xbox-thumb.jpg]
[www.freestuff.eu/images/energy-thumb.jpg]
[www.freestuff.eu/images/cruise-thumb.jpg]
[www.freestuff.eu/images/icandy-thumb.jpg]
[www.freestuff.eu/images/login-sprite.png]
[www.freestuff.eu/images/social-sprite.png]
[www.freestuff.eu/images/sign-up-button.jpg]
[www.freestuff.eu/images/header-icons.png]
[www.freestuff.eu/css/bootstrap.min.css]
[rum-static.pingdom.net/prum.min.js]
[connect.facebook.net/en_US/fbevents.js]
[www.freestuff.eu/prizes/terms/May-2017B/prize-policy.html]
[rum-collector.pingdom.net/img/beacon.gif]
[www.freestuff.eu/prizes/s3optout.29.delayed]
[www.freestuff.eu/images/FreeStuff-Logo.png]
[scripts.sophus3.com/s3s/freestuff/logging.js]
[www.freestuff.eu/images/amazon-thumb.jpg]
[www.freestuff.eu/images/ikea-thumb.jpg]
[www.freestuff.eu/images/gym-thumb.jpg]
[www.freestuff.eu/images/credit-thumb.jpg]
[www.freestuff.eu/images/navigation-sprite.png]
[www.freestuff.eu/images/free-button.jpg]
[www.freestuff.eu/prizes/s3optout.html]
[www.freestuff.eu/images/fb.png]
[www.freestuff.eu/images/Hamburger.png]
[www.freestuff.eu/images/prize-thumbs/spotify-gift-card.jpg]
[www.freestuff.eu/images/footer-sprite.png]
[www.freestuff.eu/images/search-logo.jpg]
[www.freestuff.eu/images/search-button.jpg]
[www.freestuff.eu/images/imac-thumb.jpg]
[www.freestuff.eu/images/bandq-gift-thumb.jpg]
[www.freestuff.eu/images/social-hover.png]
